Client tried to connect with message: HELLO
HELLO enviat. Esperant resposta...
Client tried to connect with message: HELLO
Client Connected!
Conectat
SERVER_WON
Client tried to connect with message: HELLO
HELLO enviat. Esperant resposta...
Client Connected!
Conectat
CLIENT_WON
Client tried to connect with message: HELLO
HELLO enviat. Esperant resposta...
HELLO enviat. Esperant resposta...
Client tried to connect with message: HELLO
HELLO enviat. Esperant resposta...
Client tried to connect with message: HELLO
HELLO enviat. Esperant resposta...
Conectat
Client Connected!
SERVER_WON
HELLO enviat. Esperant resposta...
Client tried to connect with message: HELLO
Conectat
Client Connected!
SERVER_WON
Client tried to connect with message: HELLO
HELLO enviat. Esperant resposta...
Conectat
Client Connected!
Client tried to connect with message: HELLO
HELLO enviat. Esperant resposta...
Client Connected!
Conectat
SERVER_WON
Client tried to connect with message: HELLO
HELLO enviat. Esperant resposta...
Client Connected!
Conectat
Client tried to connect with message: HELLO
HELLO enviat. Esperant resposta...
Conectat
Client Connected!
SERVER_WON
Client tried to connect with message: HELLO
HELLO enviat. Esperant resposta...
Conectat
Client Connected!
Client tried to connect with message: HELLO
HELLO enviat. Esperant resposta...
Server Denied Connection
Conexio Rebutjada
Client tried to connect with message: HELLO
HELLO enviat. Esperant resposta...
Server Denied Connection
Conexio Rebutjada
Client tried to connect with message: HELLO
HELLO enviat. Esperant resposta...
Conectat
Client Connected!
SERVER_WON
Client tried to connect with message: HELLO
HELLO enviat. Esperant resposta...
Conectat
Client Connected!
SERVER_WON
Client Refused Rematch
Client Refused Rematch
Client tried to connect with message: HELLO
HELLO enviat. Esperant resposta...
Client Connected!
Conectat
SERVER_WON
HELLO enviat. Esperant resposta...
Client tried to connect with message: HELLO
Conectat
Client Connected!
SERVER_WON
HELLO enviat. Esperant resposta...
Client tried to connect with message: HELLO
Conectat
Client Connected!
SERVER_WON
Client Refused Rematch
Client tried to connect with message: HELLO
HELLO enviat. Esperant resposta...
Client Connected!
Conectat
SERVER_WON
Client Refused Rematch
Client tried to connect with message: HELLO
HELLO enviat. Esperant resposta...
Conectat
Client Connected!
SERVER_WON
Client Refused Rematch
Client tried to connect with message: HELLO
HELLO enviat. Esperant resposta...
Conectat
Client Connected!
SERVER_WON
Client Refused Rematch
HELLO enviat. Esperant resposta...
Client tried to connect with message: HELLO
Client Connected!
Conectat
Client tried to connect with message: HELLO
HELLO enviat. Esperant resposta...
Server Denied Connection
Conexio Rebutjada
HELLO enviat. Esperant resposta...
Client tried to connect with message: HELLO
Conectat
Client Connected!
SERVER_WON
Client Refused Rematch
Client Refused Rematch
HELLO enviat. Esperant resposta...
Client tried to connect with message: HELLO
Conectat
Client Connected!
SERVER_WON
Client Refused Rematch
Client tried to connect with message: HELLO
HELLO enviat. Esperant resposta...
Client Connected!
Conectat
SERVER_WON
Client tried to connect with message: HELLO
HELLO enviat. Esperant resposta...
Conectat
Client Connected!
SERVER_WON
HELLO enviat. Esperant resposta...
Client tried to connect with message: HELLO
Conectat
Client Connected!
SERVER_WON
Client Refused Rematch
HELLO enviat. Esperant resposta...
Client tried to connect with message: HELLO
Conectat
Client Connected!
SERVER_WON
Client Refused Rematch
Client tried to connect with message: HELLO
HELLO enviat. Esperant resposta...
Conectat
Client Connected!
SERVER_WON
Client tried to connect with message: HELLO
HELLO enviat. Esperant resposta...
Conectat
Client Connected!
SERVER_WON
Server Refused Rematch
HELLO enviat. Esperant resposta...
Client tried to connect with message: HELLO
Conectat
Client Connected!
SERVER_WON
Client tried to connect with message: HELLO
HELLO enviat. Esperant resposta...
Client Connected!
Conectat
SERVER_WON
Server Refused Rematch
Server Refused Rematch
HELLO enviat. Esperant resposta...
Client tried to connect with message: HELLO
Conectat
Client Connected!
SERVER_WON
HELLO enviat. Esperant resposta...
Client tried to connect with message: HELLO
Conectat
Client Connected!
HELLO enviat. Esperant resposta...
Client tried to connect with message: HELLO
Conectat
Client Connected!
Client tried to connect with message: HELLO
HELLO enviat. Esperant resposta...
Client Connected!
Conectat
SERVER_WON
HELLO enviat. Esperant resposta...
Client tried to connect with message: HELLO
Client Connected!
Conectat
